node.exe : npm warn 
config cache-min This 
option has been 
deprecated in favor of 
`--prefer-offline`.
At C:\Program Files\nod
ejs\npm.ps1:29 char:3
+   & $NODE_EXE 
$NPM_CLI_JS $args
+   ~~~~~~~~~~~~~~~~~~~
~~~~~~~~~~
    + CategoryInfo     
         : NotSpecifi  
  ed: (npm warn conf   
 ig...refer-offline    
`.:String) [], Rem    
oteException
    + FullyQualifiedEr 
   rorId : NativeComm  
  andError
 
npm warn Unknown user 
config "timeout". This 
will stop working in 
the next major version 
of npm.

> frontend@0.1.0 build
> next build

   Γû▓ Next.js 15.5.2
   - Environments: .env

   Creating an optimized production build ...
 Γ£ô Compiled successfully in 23.9s
   Linting and checking validity of types ...
   Collecting page data ...
[Error 
[PageNotFoundError]: 
Cannot find module for 
page: /admin/blogs] {
  code: 'ENOENT'
}
[Error 
[PageNotFoundError]: 
Cannot find module for 
page: /admin/coupons] {
  code: 'ENOENT'
}

> Build error occurred
[Error: Failed to 
collect page data for 
/admin/blogs] { type: 
'Error' }
