2026-02-23 19:50:39 [[32minfo[39m]: Product duplicated {
  "sourceId": "698e3eff5a5ddaf3ed056942",
  "newId": "699c6237299e200dad4742be"
} 
2026-02-26 12:15:27 [[32minfo[39m]: User logged in successfully {
  "email": "grabszy2025@gmail.com",
  "userId": "698081fcc3e4cc458f359244",
  "role": "admin"
} 
2026-02-26 17:19:48 [[32minfo[39m]: Pruning expired push subscription for admin 698081fcc3e4cc458f359244  
2026-02-26 18:08:56 [[32minfo[39m]: New user registered {
  "email": "muralis.1995@gmail.com",
  "userId": "69a03ecbd27a9d5a286022c3"
} 
2026-02-26 18:09:23 [[32minfo[39m]: User logged in successfully {
  "email": "muralis.1995@gmail.com",
  "userId": "69a03ecbd27a9d5a286022c3",
  "role": "customer"
} 
2026-02-26 22:15:07 [[31merror[39m]: Test email failed {
  "error": "logger is not defined"
} 
2026-02-26 22:15:40 [[31merror[39m]: Error sending email {
  "error": "Invalid login: 535 5.7.8 Error: authentication failed: (reason unavailable)",
  "to": "grabszy2025@gmail.com",
  "subject": "GRABSZY SMTP Test ✅"
} 
2026-02-26 22:15:40 [[31merror[39m]: Test email failed {
  "error": "Email could not be sent"
} 
2026-02-26 22:16:32 [[32minfo[39m]: Email sent successfully {
  "messageId": "<81f1351c-0f67-6c0a-09ad-83b4612e0d06@grabszy.com>",
  "to": "grabszy2025@gmail.com",
  "subject": "GRABSZY SMTP Test ✅"
} 
2026-02-26 22:17:01 [[32minfo[39m]: Email sent successfully {
  "messageId": "<30ddd140-72f3-1439-4fd3-948ca694f73e@grabszy.com>",
  "to": "grabszy2025@gmail.com",
  "subject": "GRABSZY Alias Test 📧"
} 
2026-02-28 12:54:58 [[32minfo[39m]: User logged in successfully {
  "email": "grabszy2025@gmail.com",
  "userId": "698081fcc3e4cc458f359244",
  "role": "admin"
} 
2026-03-03 15:26:04 [[32minfo[39m]: User logged in successfully {
  "email": "grabszy2025@gmail.com",
  "userId": "698081fcc3e4cc458f359244",
  "role": "admin"
} 
2026-03-03 15:26:21 [[32minfo[39m]: User logged in successfully {
  "email": "grabszy2025@gmail.com",
  "userId": "698081fcc3e4cc458f359244",
  "role": "admin"
} 
2026-03-04 11:11:06 [[32minfo[39m]: User logged in successfully {
  "email": "grabszy2025@gmail.com",
  "userId": "698081fcc3e4cc458f359244",
  "role": "admin"
} 
2026-03-05 00:07:17 [[32minfo[39m]: User logged in successfully {
  "email": "grabszy2025@gmail.com",
  "userId": "698081fcc3e4cc458f359244",
  "role": "admin"
} 
2026-03-05 00:32:28 [[32minfo[39m]: User logged in successfully {
  "email": "grabszy2025@gmail.com",
  "userId": "698081fcc3e4cc458f359244",
  "role": "admin"
} 
2026-03-06 23:41:02 [[32minfo[39m]: User logged in successfully {
  "email": "grabszy2025@gmail.com",
  "userId": "698081fcc3e4cc458f359244",
  "role": "admin"
} 
2026-03-07 12:48:32 [[32minfo[39m]: Product duplicated {
  "sourceId": "69a87bb5aa78661819998486",
  "newId": "69abd1489afea5d0373ea8cf"
} 
2026-03-07 13:31:40 [[32minfo[39m]: Product duplicated {
  "sourceId": "69abd1489afea5d0373ea8cf",
  "newId": "69abdb6365afbff65d7b687c"
} 
2026-03-08 00:27:37 [[32minfo[39m]: User logged in successfully {
  "email": "grabszy2025@gmail.com",
  "userId": "698081fcc3e4cc458f359244",
  "role": "admin"
} 
2026-03-08 00:34:18 [[32minfo[39m]: User logged in successfully {
  "email": "grabszy2025@gmail.com",
  "userId": "698081fcc3e4cc458f359244",
  "role": "admin"
} 
2026-03-09 14:51:24 [[32minfo[39m]: Email sent successfully {
  "messageId": "<e60ba188-8681-541a-0d68-11edb1a36489@grabszy.com>",
  "to": "muralis.1995@gmail.com",
  "subject": "Order Confirmation #GRY-ORD-00001 - GRABSZY"
} 
2026-03-09 15:04:42 [[32minfo[39m]: Email sent successfully {
  "messageId": "<220d6073-617e-143b-1d5b-17b80e2436c8@grabszy.com>",
  "to": "muralis.1995@gmail.com",
  "subject": "Order Confirmation #GRY-ORD-00002 - GRABSZY"
} 
2026-03-09 18:21:05 [[32minfo[39m]: User logged in successfully {
  "email": "grabszy2025@gmail.com",
  "userId": "698081fcc3e4cc458f359244",
  "role": "admin"
} 
2026-03-10 18:32:10 [[32minfo[39m]: User logged in successfully {
  "email": "grabszy2025@gmail.com",
  "userId": "698081fcc3e4cc458f359244",
  "role": "admin"
} 
2026-03-11 15:22:44 [[32minfo[39m]: Product duplicated {
  "sourceId": "699d957d79d17274e156a8dc",
  "newId": "69b13b6c2825aff5f66370c1"
} 
2026-03-12 19:03:44 [[31merror[39m]: Error sending email {
  "error": "Can't send mail - all recipients were rejected: 553 5.7.1 <alerts@grabszy.com>: Sender address rejected: not owned by user support@grabszy.com",
  "to": "support@grabszy.com",
  "subject": "[STOCK ALERT] Pack of 3 Combo Mens Lungi checked with pure cotton with 2.15 mtrs (Blue-C11 / 2.2 mtrs) is low!"
} 
2026-03-12 19:03:44 [[31merror[39m]: Failed to send low stock alert email {
  "error": "Email could not be sent"
} 
2026-03-12 19:03:47 [[32minfo[39m]: Email sent successfully {
  "messageId": "<b6632758-719c-7d39-3509-02c72e6f41e5@grabszy.com>",
  "to": "muralis.1995@gmail.com",
  "subject": "Order Confirmation #GRY-ORD-00006 - GRABSZY"
} 
2026-03-13 01:21:34 [[31merror[39m]: Error sending email {
  "error": "Can't send mail - all recipients were rejected: 553 5.7.1 <alerts@grabszy.com>: Sender address rejected: not owned by user support@grabszy.com",
  "to": "support@grabszy.com",
  "subject": "[STOCK ALERT] Pack of 3 Combo Mens Lungi checked with pure cotton with 2.25 mtrs (Blue-C11 / 2.2 mtrs) is low!"
} 
2026-03-13 01:21:34 [[31merror[39m]: Failed to send low stock alert email {
  "error": "Email could not be sent"
} 
2026-03-13 01:21:46 [[32minfo[39m]: Email sent successfully {
  "messageId": "<c78ad5a1-b2c2-9856-24b9-db7013f95549@grabszy.com>",
  "to": "grabszy2025@gmail.com",
  "subject": "Order Confirmation #GRY-ORD-00012 - GRABSZY"
} 
2026-03-13 12:11:45 [[32minfo[39m]: Email sent successfully {
  "messageId": "<bb704a94-80f3-7321-640b-398347b9e079@grabszy.com>",
  "to": "test@example.com",
  "subject": "Order Confirmation #GRY-ORD-00016 - GRABSZY"
} 
2026-03-13 12:21:25 [[32minfo[39m]: Email sent successfully {
  "messageId": "<1aa9f5d9-8ed5-8cbe-acb0-915161b9ab3f@grabszy.com>",
  "to": "test@example.com",
  "subject": "Order Confirmation #GRY-ORD-00018 - GRABSZY"
} 
2026-03-13 13:09:27 [[32minfo[39m]: Email sent successfully {
  "messageId": "<e381d4cc-5b7c-f148-23a7-d5aaff938992@grabszy.com>",
  "to": "muralis.1995@gmail.com",
  "subject": "Order Confirmation #GRY-ORD-00022 - GRABSZY"
} 
2026-03-14 12:31:01 [[32minfo[39m]: Email sent successfully {
  "messageId": "<fb6a4a6a-0c26-2fc9-b85d-65c2474c079c@grabszy.com>",
  "to": "muralis.1995@gmail.com",
  "subject": "Order Confirmation #GRY-ORD-00004 - GRABSZY"
} 
2026-03-14 12:31:26 [[31merror[39m]: Order not found during payment verification {
  "razorpay_order_id": "order_SR11tcljHTFyua"
} 
2026-03-14 13:20:36 [[32minfo[39m]: User logged in successfully {
  "email": "muralis.1995@gmail.com",
  "userId": "69b456b756bb4e75ed8fd8bc",
  "role": "customer"
} 
2026-03-14 14:42:39 [[32minfo[39m]: User logged in successfully {
  "email": "muralis.1995@gmail.com",
  "userId": "69b456b756bb4e75ed8fd8bc",
  "role": "customer"
} 
2026-03-18 12:10:30 [[33mwarn[39m]: Failed login attempt: Invalid password {
  "email": "grabszy2025@gmail.com",
  "userId": "698081fcc3e4cc458f359244"
} 
2026-03-18 12:10:41 [[32minfo[39m]: User logged in successfully {
  "email": "grabszy2025@gmail.com",
  "userId": "698081fcc3e4cc458f359244",
  "role": "admin"
} 
2026-03-19 10:54:55 [[32minfo[39m]: User logged in successfully {
  "email": "grabszy2025@gmail.com",
  "userId": "698081fcc3e4cc458f359244",
  "role": "admin"
} 
2026-03-19 11:07:15 [[32minfo[39m]: Email sent successfully {
  "messageId": "<3b3b38ce-ffc1-dffe-415c-f2b9df2b973e@grabszy.com>",
  "to": "muralis.1995@gmail.com",
  "subject": "Order Confirmation #GRY-ORD-00006 - GRABSZY"
} 
2026-03-21 12:01:53 [[32minfo[39m]: User logged in successfully {
  "email": "muralis.1995@gmail.com",
  "userId": "69b456b756bb4e75ed8fd8bc",
  "role": "customer"
} 
2026-03-21 12:26:22 [[32minfo[39m]: User logged in successfully {
  "email": "grabszy2025@gmail.com",
  "userId": "698081fcc3e4cc458f359244",
  "role": "admin"
} 
2026-03-23 11:20:27 [[31merror[39m]: Login Error: {
  "error": "Unexpected end of JSON input"
} 
SyntaxError: Unexpected end of JSON input
    at JSON.parse (<anonymous>)
    at parseJSONFromBytes (node:internal/deps/undici/undici:5738:19)
    at successSteps (node:internal/deps/undici/undici:5719:27)
    at consumeBody (node:internal/deps/undici/undici:5725:9)
    at NextRequest.json (node:internal/deps/undici/undici:5665:18)
    at POST (webpack-internal:///(rsc)/./src/app/api/users/login/route.js:29:36)
    at async AppRouteRouteModule.do (D:\projects\ecomerce-application\frontend\node_modules\next\dist\compiled\next-server\app-route.runtime.dev.js:5:38696)
2026-06-06 11:23:54 [[33mwarn[39m]: Failed login attempt: User not found {
  "email": "grabszy2026@gmail.com"
} 
2026-06-06 11:23:59 [[33mwarn[39m]: Failed login attempt: User not found {
  "email": "grabszy2026@gmail.com"
} 
2026-06-06 11:24:05 [[33mwarn[39m]: Failed login attempt: User not found {
  "email": "grabszy2026@gmail.com"
} 
2026-06-06 11:24:40 [[32minfo[39m]: User logged in successfully {
  "email": "grabszy2025@gmail.com",
  "userId": "698081fcc3e4cc458f359244",
  "role": "admin"
} 
2026-06-08 11:23:05 [[32minfo[39m]: Email sent successfully {
  "messageId": "<24227d8a-5038-f8c4-c9c3-725938c9e0c2@grabszy.com>",
  "to": "test@gmail.com",
  "subject": "Verify Your Email - GRABSZY 📧"
} 
2026-06-08 11:23:05 [[32minfo[39m]: New user registered {
  "email": "test@gmail.com",
  "userId": "6a2658bab8ca5e2087cea295"
} 
2026-06-08 11:24:12 [[32minfo[39m]: Email sent successfully {
  "messageId": "<782fe17c-182a-db80-8d83-1878f57af964@grabszy.com>",
  "to": "jopen32546@herojp.com",
  "subject": "Verify Your Email - GRABSZY 📧"
} 
2026-06-08 11:24:12 [[32minfo[39m]: New user registered {
  "email": "jopen32546@herojp.com",
  "userId": "6a265902b8ca5e2087cea29b"
} 
2026-06-08 20:52:10 [[33mwarn[39m]: Failed login attempt: Invalid password {
  "email": "grabszy2025@gmail.com",
  "userId": "698081fcc3e4cc458f359244"
} 
2026-06-08 20:52:16 [[33mwarn[39m]: Failed login attempt: Invalid password {
  "email": "grabszy2025@gmail.com",
  "userId": "698081fcc3e4cc458f359244"
} 
2026-06-08 20:52:29 [[32minfo[39m]: User logged in successfully {
  "email": "grabszy2025@gmail.com",
  "userId": "698081fcc3e4cc458f359244",
  "role": "admin"
} 
2026-06-27 01:28:39 [[32minfo[39m]: User logged in successfully {
  "email": "admin@grabszy.com",
  "userId": "6999529325432b9ec24ca902",
  "role": "admin"
} 
2026-06-27 11:17:39 [[31merror[39m]: Failed to fetch products {
  "error": "getaddrinfo ENOTFOUND ac-aswvyzd-shard-00-00.eqb4ccq.mongodb.net"
} 
MongoServerSelectionError: getaddrinfo ENOTFOUND ac-aswvyzd-shard-00-00.eqb4ccq.mongodb.net
    at Topology.selectServer (/Users/muralimalathi/development/frontend-ecom/node_modules/mongodb/lib/sdam/topology.js:346:38)
    at runNextTicks (node:internal/process/task_queues:65:5)
    at listOnTimeout (node:internal/timers:567:9)
    at process.processTimers (node:internal/timers:541:7)
    at async tryOperation (/Users/muralimalathi/development/frontend-ecom/node_modules/mongodb/lib/operations/execute_operation.js:150:18)
    at async executeOperation (/Users/muralimalathi/development/frontend-ecom/node_modules/mongodb/lib/operations/execute_operation.js:80:16)
    at async FindCursor._initialize (/Users/muralimalathi/development/frontend-ecom/node_modules/mongodb/lib/cursor/find_cursor.js:62:26)
    at async FindCursor.cursorInit (/Users/muralimalathi/development/frontend-ecom/node_modules/mongodb/lib/cursor/abstract_cursor.js:620:27)
    at async FindCursor.fetchBatch (/Users/muralimalathi/development/frontend-ecom/node_modules/mongodb/lib/cursor/abstract_cursor.js:654:13)
    at async FindCursor.next (/Users/muralimalathi/development/frontend-ecom/node_modules/mongodb/lib/cursor/abstract_cursor.js:326:17)
    at async [Symbol.asyncIterator] (/Users/muralimalathi/development/frontend-ecom/node_modules/mongodb/lib/cursor/abstract_cursor.js:254:34)
    at async FindCursor.toArray (/Users/muralimalathi/development/frontend-ecom/node_modules/mongodb/lib/cursor/abstract_cursor.js:406:26)
    at async model.Query._find (/Users/muralimalathi/development/frontend-ecom/node_modules/mongoose/lib/query.js:2432:14)
    at async model.Query.exec (/Users/muralimalathi/development/frontend-ecom/node_modules/mongoose/lib/query.js:4652:63)
    at async GET (webpack-internal:///(rsc)/./src/app/api/products/route.js:156:26)
    at async AppRouteRouteModule.do (/Users/muralimalathi/development/frontend-ecom/node_modules/next/dist/compiled/next-server/app-route.runtime.dev.js:5:38696)
    at async AppRouteRouteModule.handle (/Users/muralimalathi/development/frontend-ecom/node_modules/next/dist/compiled/next-server/app-route.runtime.dev.js:5:45978)
    at async responseGenerator (webpack-internal:///(rsc)/./node_modules/next/dist/build/webpack/loaders/next-app-loader/index.js?name=app%2Fapi%2Fproducts%2Froute&page=%2Fapi%2Fproducts%2Froute&appPaths=&pagePath=private-next-app-dir%2Fapi%2Fproducts%2Froute.js&appDir=%2FUsers%2Fmuralimalathi%2Fdevelopment%2Ffrontend-ecom%2Fsrc%2Fapp&pageExtensions=tsx&pageExtensions=ts&pageExtensions=jsx&pageExtensions=js&rootDir=%2FUsers%2Fmuralimalathi%2Fdevelopment%2Ffrontend-ecom&isDev=true&tsconfigPath=tsconfig.json&basePath=&assetPrefix=&nextConfigOutput=&preferredRegion=&middlewareConfig=e30%3D&isGlobalNotFoundEnabled=!:203:38)
    at async AppRouteRouteModule.handleResponse (/Users/muralimalathi/development/frontend-ecom/node_modules/next/dist/compiled/next-server/app-route.runtime.dev.js:1:187565)
    at async handleResponse (webpack-internal:///(rsc)/./node_modules/next/dist/build/webpack/loaders/next-app-loader/index.js?name=app%2Fapi%2Fproducts%2Froute&page=%2Fapi%2Fproducts%2Froute&appPaths=&pagePath=private-next-app-dir%2Fapi%2Fproducts%2Froute.js&appDir=%2FUsers%2Fmuralimalathi%2Fdevelopment%2Ffrontend-ecom%2Fsrc%2Fapp&pageExtensions=tsx&pageExtensions=ts&pageExtensions=jsx&pageExtensions=js&rootDir=%2FUsers%2Fmuralimalathi%2Fdevelopment%2Ffrontend-ecom&isDev=true&tsconfigPath=tsconfig.json&basePath=&assetPrefix=&nextConfigOutput=&preferredRegion=&middlewareConfig=e30%3D&isGlobalNotFoundEnabled=!:265:32)
    at async handler (webpack-internal:///(rsc)/./node_modules/next/dist/build/webpack/loaders/next-app-loader/index.js?name=app%2Fapi%2Fproducts%2Froute&page=%2Fapi%2Fproducts%2Froute&appPaths=&pagePath=private-next-app-dir%2Fapi%2Fproducts%2Froute.js&appDir=%2FUsers%2Fmuralimalathi%2Fdevelopment%2Ffrontend-ecom%2Fsrc%2Fapp&pageExtensions=tsx&pageExtensions=ts&pageExtensions=jsx&pageExtensions=js&rootDir=%2FUsers%2Fmuralimalathi%2Fdevelopment%2Ffrontend-ecom&isDev=true&tsconfigPath=tsconfig.json&basePath=&assetPrefix=&nextConfigOutput=&preferredRegion=&middlewareConfig=e30%3D&isGlobalNotFoundEnabled=!:317:13)
    at async DevServer.renderToResponseWithComponentsImpl (/Users/muralimalathi/development/frontend-ecom/node_modules/next/dist/server/base-server.js:1422:9)
    at async DevServer.renderPageComponent (/Users/muralimalathi/development/frontend-ecom/node_modules/next/dist/server/base-server.js:1474:24)
    at async DevServer.renderToResponseImpl (/Users/muralimalathi/development/frontend-ecom/node_modules/next/dist/server/base-server.js:1514:32)
    at async DevServer.pipeImpl (/Users/muralimalathi/development/frontend-ecom/node_modules/next/dist/server/base-server.js:1025:25)
    at async NextNodeServer.handleCatchallRenderRequest (/Users/muralimalathi/development/frontend-ecom/node_modules/next/dist/server/next-server.js:393:17)
    at async DevServer.handleRequestImpl (/Users/muralimalathi/development/frontend-ecom/node_modules/next/dist/server/base-server.js:916:17)
    at async /Users/muralimalathi/development/frontend-ecom/node_modules/next/dist/server/dev/next-dev-server.js:399:20
    at async Span.traceAsyncFn (/Users/muralimalathi/development/frontend-ecom/node_modules/next/dist/trace/trace.js:157:20)
    at async DevServer.handleRequest (/Users/muralimalathi/development/frontend-ecom/node_modules/next/dist/server/dev/next-dev-server.js:395:24)
    at async invokeRender (/Users/muralimalathi/development/frontend-ecom/node_modules/next/dist/server/lib/router-server.js:240:21)
    at async handleRequest (/Users/muralimalathi/development/frontend-ecom/node_modules/next/dist/server/lib/router-server.js:437:24)
    at async requestHandlerImpl (/Users/muralimalathi/development/frontend-ecom/node_modules/next/dist/server/lib/router-server.js:485:13)
    at async Server.requestListener (/Users/muralimalathi/development/frontend-ecom/node_modules/next/dist/server/lib/start-server.js:226:13)
2026-06-27 11:17:39 [[31merror[39m]: Failed to fetch products {
  "error": "getaddrinfo ENOTFOUND ac-aswvyzd-shard-00-00.eqb4ccq.mongodb.net"
} 
MongoServerSelectionError: getaddrinfo ENOTFOUND ac-aswvyzd-shard-00-00.eqb4ccq.mongodb.net
    at Topology.selectServer (/Users/muralimalathi/development/frontend-ecom/node_modules/mongodb/lib/sdam/topology.js:346:38)
    at async tryOperation (/Users/muralimalathi/development/frontend-ecom/node_modules/mongodb/lib/operations/execute_operation.js:150:18)
    at async executeOperation (/Users/muralimalathi/development/frontend-ecom/node_modules/mongodb/lib/operations/execute_operation.js:80:16)
    at async FindCursor._initialize (/Users/muralimalathi/development/frontend-ecom/node_modules/mongodb/lib/cursor/find_cursor.js:62:26)
    at async FindCursor.cursorInit (/Users/muralimalathi/development/frontend-ecom/node_modules/mongodb/lib/cursor/abstract_cursor.js:620:27)
    at async FindCursor.fetchBatch (/Users/muralimalathi/development/frontend-ecom/node_modules/mongodb/lib/cursor/abstract_cursor.js:654:13)
    at async FindCursor.next (/Users/muralimalathi/development/frontend-ecom/node_modules/mongodb/lib/cursor/abstract_cursor.js:326:17)
    at async [Symbol.asyncIterator] (/Users/muralimalathi/development/frontend-ecom/node_modules/mongodb/lib/cursor/abstract_cursor.js:254:34)
    at async FindCursor.toArray (/Users/muralimalathi/development/frontend-ecom/node_modules/mongodb/lib/cursor/abstract_cursor.js:406:26)
    at async model.Query._find (/Users/muralimalathi/development/frontend-ecom/node_modules/mongoose/lib/query.js:2432:14)
    at async model.Query.exec (/Users/muralimalathi/development/frontend-ecom/node_modules/mongoose/lib/query.js:4652:63)
    at async GET (webpack-internal:///(rsc)/./src/app/api/products/route.js:156:26)
    at async AppRouteRouteModule.do (/Users/muralimalathi/development/frontend-ecom/node_modules/next/dist/compiled/next-server/app-route.runtime.dev.js:5:38696)
    at async AppRouteRouteModule.handle (/Users/muralimalathi/development/frontend-ecom/node_modules/next/dist/compiled/next-server/app-route.runtime.dev.js:5:45978)
    at async responseGenerator (webpack-internal:///(rsc)/./node_modules/next/dist/build/webpack/loaders/next-app-loader/index.js?name=app%2Fapi%2Fproducts%2Froute&page=%2Fapi%2Fproducts%2Froute&appPaths=&pagePath=private-next-app-dir%2Fapi%2Fproducts%2Froute.js&appDir=%2FUsers%2Fmuralimalathi%2Fdevelopment%2Ffrontend-ecom%2Fsrc%2Fapp&pageExtensions=tsx&pageExtensions=ts&pageExtensions=jsx&pageExtensions=js&rootDir=%2FUsers%2Fmuralimalathi%2Fdevelopment%2Ffrontend-ecom&isDev=true&tsconfigPath=tsconfig.json&basePath=&assetPrefix=&nextConfigOutput=&preferredRegion=&middlewareConfig=e30%3D&isGlobalNotFoundEnabled=!:203:38)
    at async AppRouteRouteModule.handleResponse (/Users/muralimalathi/development/frontend-ecom/node_modules/next/dist/compiled/next-server/app-route.runtime.dev.js:1:187565)
    at async handleResponse (webpack-internal:///(rsc)/./node_modules/next/dist/build/webpack/loaders/next-app-loader/index.js?name=app%2Fapi%2Fproducts%2Froute&page=%2Fapi%2Fproducts%2Froute&appPaths=&pagePath=private-next-app-dir%2Fapi%2Fproducts%2Froute.js&appDir=%2FUsers%2Fmuralimalathi%2Fdevelopment%2Ffrontend-ecom%2Fsrc%2Fapp&pageExtensions=tsx&pageExtensions=ts&pageExtensions=jsx&pageExtensions=js&rootDir=%2FUsers%2Fmuralimalathi%2Fdevelopment%2Ffrontend-ecom&isDev=true&tsconfigPath=tsconfig.json&basePath=&assetPrefix=&nextConfigOutput=&preferredRegion=&middlewareConfig=e30%3D&isGlobalNotFoundEnabled=!:265:32)
    at async handler (webpack-internal:///(rsc)/./node_modules/next/dist/build/webpack/loaders/next-app-loader/index.js?name=app%2Fapi%2Fproducts%2Froute&page=%2Fapi%2Fproducts%2Froute&appPaths=&pagePath=private-next-app-dir%2Fapi%2Fproducts%2Froute.js&appDir=%2FUsers%2Fmuralimalathi%2Fdevelopment%2Ffrontend-ecom%2Fsrc%2Fapp&pageExtensions=tsx&pageExtensions=ts&pageExtensions=jsx&pageExtensions=js&rootDir=%2FUsers%2Fmuralimalathi%2Fdevelopment%2Ffrontend-ecom&isDev=true&tsconfigPath=tsconfig.json&basePath=&assetPrefix=&nextConfigOutput=&preferredRegion=&middlewareConfig=e30%3D&isGlobalNotFoundEnabled=!:317:13)
    at async DevServer.renderToResponseWithComponentsImpl (/Users/muralimalathi/development/frontend-ecom/node_modules/next/dist/server/base-server.js:1422:9)
    at async DevServer.renderPageComponent (/Users/muralimalathi/development/frontend-ecom/node_modules/next/dist/server/base-server.js:1474:24)
    at async DevServer.renderToResponseImpl (/Users/muralimalathi/development/frontend-ecom/node_modules/next/dist/server/base-server.js:1514:32)
    at async DevServer.pipeImpl (/Users/muralimalathi/development/frontend-ecom/node_modules/next/dist/server/base-server.js:1025:25)
    at async NextNodeServer.handleCatchallRenderRequest (/Users/muralimalathi/development/frontend-ecom/node_modules/next/dist/server/next-server.js:393:17)
    at async DevServer.handleRequestImpl (/Users/muralimalathi/development/frontend-ecom/node_modules/next/dist/server/base-server.js:916:17)
    at async /Users/muralimalathi/development/frontend-ecom/node_modules/next/dist/server/dev/next-dev-server.js:399:20
    at async Span.traceAsyncFn (/Users/muralimalathi/development/frontend-ecom/node_modules/next/dist/trace/trace.js:157:20)
    at async DevServer.handleRequest (/Users/muralimalathi/development/frontend-ecom/node_modules/next/dist/server/dev/next-dev-server.js:395:24)
    at async invokeRender (/Users/muralimalathi/development/frontend-ecom/node_modules/next/dist/server/lib/router-server.js:240:21)
    at async handleRequest (/Users/muralimalathi/development/frontend-ecom/node_modules/next/dist/server/lib/router-server.js:437:24)
    at async requestHandlerImpl (/Users/muralimalathi/development/frontend-ecom/node_modules/next/dist/server/lib/router-server.js:485:13)
    at async Server.requestListener (/Users/muralimalathi/development/frontend-ecom/node_modules/next/dist/server/lib/start-server.js:226:13)
