2026-02-26 22:15:07 [[31merror[39m]: Test email failed {
  "error": "logger is not defined"
} 
2026-02-26 22:15:40 [[31merror[39m]: Error sending email {
  "error": "Invalid login: 535 5.7.8 Error: authentication failed: (reason unavailable)",
  "to": "grabszy2025@gmail.com",
  "subject": "GRABSZY SMTP Test ✅"
} 
2026-02-26 22:15:40 [[31merror[39m]: Test email failed {
  "error": "Email could not be sent"
} 
2026-03-12 19:03:44 [[31merror[39m]: Error sending email {
  "error": "Can't send mail - all recipients were rejected: 553 5.7.1 <alerts@grabszy.com>: Sender address rejected: not owned by user support@grabszy.com",
  "to": "support@grabszy.com",
  "subject": "[STOCK ALERT] Pack of 3 Combo Mens Lungi checked with pure cotton with 2.15 mtrs (Blue-C11 / 2.2 mtrs) is low!"
} 
2026-03-12 19:03:44 [[31merror[39m]: Failed to send low stock alert email {
  "error": "Email could not be sent"
} 
2026-03-13 01:21:34 [[31merror[39m]: Error sending email {
  "error": "Can't send mail - all recipients were rejected: 553 5.7.1 <alerts@grabszy.com>: Sender address rejected: not owned by user support@grabszy.com",
  "to": "support@grabszy.com",
  "subject": "[STOCK ALERT] Pack of 3 Combo Mens Lungi checked with pure cotton with 2.25 mtrs (Blue-C11 / 2.2 mtrs) is low!"
} 
2026-03-13 01:21:34 [[31merror[39m]: Failed to send low stock alert email {
  "error": "Email could not be sent"
} 
2026-03-14 12:31:26 [[31merror[39m]: Order not found during payment verification {
  "razorpay_order_id": "order_SR11tcljHTFyua"
} 
2026-03-23 11:20:27 [[31merror[39m]: Login Error: {
  "error": "Unexpected end of JSON input"
} 
SyntaxError: Unexpected end of JSON input
    at JSON.parse (<anonymous>)
    at parseJSONFromBytes (node:internal/deps/undici/undici:5738:19)
    at successSteps (node:internal/deps/undici/undici:5719:27)
    at consumeBody (node:internal/deps/undici/undici:5725:9)
    at NextRequest.json (node:internal/deps/undici/undici:5665:18)
    at POST (webpack-internal:///(rsc)/./src/app/api/users/login/route.js:29:36)
    at async AppRouteRouteModule.do (D:\projects\ecomerce-application\frontend\node_modules\next\dist\compiled\next-server\app-route.runtime.dev.js:5:38696)
